<!DOCTYPE html>
<html lang="en">
<head>
    <meta charset="UTF-8">
    <meta name="viewport" content="width=device-width, initial-scale=1.0">
    <title>{% block title %}Expense Tracker{% endblock %}</title>
    <link rel="stylesheet" href="{{ url_for('static', filename='style.css') }}">
</head>
<body>
    <nav class="navbar">
        <div class="container">
            <h1 class="logo">💰 Expense Tracker</h1>
            <ul class="nav-links">
                <li><a href="{{ url_for('index') }}">Home</a></li>
                <li><a href="{{ url_for('add_expense') }}" class="btn-add">+ Add Expense</a></li>
            </ul>
        </div>
    </nav>

    <main class="container">
        <!-- Flash messages -->
        {% with messages = get_flashed_messages(with_categories=true) %}
            {% if messages %}
                {% for category, message in messages %}
                    <div class="alert alert-{{ category }}">
                        {{ message }}
                        <button class="close-btn" onclick="this.parentElement.style.display='none'">×</button>
                    </div>
                {% endfor %}
            {% endif %}
        {% endwith %}

        <!-- Page content -->
        {% block content %}{% endblock %}
    </main>

    <footer>
        <p>&copy; 2024 Expense Tracker. Built with Flask.</p>
    </footer>
</body>
</html>