from flask import Flask, render_template, request, redirect, url_for, flash
from flask_sqlalchemy import SQLAlchemy
from datetime import datetime

# Initialize Flask app
app = Flask(__name__)

# Configuration
app.config['SECRET_KEY'] = 'your-secret-key-here-change-in-production'  # Needed for flash messages
app.config['SQLALCHEMY_DATABASE_URI'] = 'sqlite:///expenses.db'  # SQLite database file
app.config['SQLALCHEMY_TRACK_MODIFICATIONS'] = False  # Disable tracking to save resources

# Initialize database
db = SQLAlchemy(app)

# Database Model - represents the expenses table
class Expense(db.Model):
    id = db.Column(db.Integer, primary_key=True)
    amount = db.Column(db.Float, nullable=False)
    category = db.Column(db.String(50), nullable=False)
    description = db.Column(db.String(200))
    date = db.Column(db.Date, nullable=False)
    created_at = db.Column(db.DateTime, default=datetime.utcnow)
    
    def __repr__(self):
        return f'<Expense {self.category}: ${self.amount}>'

# Create database tables
with app.app_context():
    db.create_all()

# Routes
@app.route('/')
def index():
    """Home page - displays all expenses"""
    # Get all expenses ordered by date (newest first)
    expenses = Expense.query.order_by(Expense.date.desc()).all()
    
    # Calculate total spending
    total = sum(expense.amount for expense in expenses)
    
    return render_template('index.html', expenses=expenses, total=total)

@app.route('/add', methods=['GET', 'POST'])
def add_expense():
    """Add a new expense"""
    if request.method == 'POST':
        # Get form data
        amount = request.form.get('amount')
        category = request.form.get('category')
        description = request.form.get('description')
        date_str = request.form.get('date')
        
        # Validate data
        if not amount or not category or not date_str:
            flash('Please fill in all required fields!', 'error')
            return redirect(url_for('add_expense'))
        
        try:
            # Convert amount to float
            amount = float(amount)
            # Convert date string to date object
            date = datetime.strptime(date_str, '%Y-%m-%d').date()
            
            # Create new expense
            new_expense = Expense(
                amount=amount,
                category=category,
                description=description,
                date=date
            )
            
            # Add to database
            db.session.add(new_expense)
            db.session.commit()
                        
            flash('Expense added successfully!', 'success')
            return redirect(url_for('index'))
            
        except ValueError:
            flash('Invalid amount or date format!', 'error')
            return redirect(url_for('add_expense'))
    
    # GET request - show the form
    return render_template('add_expense.html')

@app.route('/delete/<int:expense_id>')
def delete_expense(expense_id):
    """Delete an expense"""
    expense = Expense.query.get_or_404(expense_id)
    
    try:
        db.session.delete(expense)
        db.session.commit()
        flash('Expense deleted successfully!', 'success')
    except:
        flash('Error deleting expense!', 'error')
    
    return redirect(url_for('index'))

# Run the app
if __name__ == '__main__':
    app.run(debug=True)